
(a) boundary-condition check  (stage-1 template w0 = 0.474974, L = 200, N = 2048)
            quantity               value
--------------------  ------------------
      sigma(c0=0.88)  6.165589432416e-01
     Newton residual  1.109112801601e-13
             phi(-L)  6.947549838859e+00
arcsin(sigma) + 2 pi  6.947549833471e+00
            err_left  5.387450485728e-09
             phi(+L)  6.643645313460e-01
       arcsin(sigma)  6.643645262916e-01
           err_right  5.054385243675e-09
    curve: up leg done, 33 points, c -> 0.8995
    curve: down leg done, 680 points, c -> 0.2

(b) kinetic curve  (L = 200, N = 2048, 714 points -> data/01_kinetic_curve.csv; every 59th row shown)
        c        sigma      sigma'        kappa    <phat,1>          m  id relerr
---------  -----------  ----------  -----------  ----------  ---------  ---------
0.2000000  0.028791211  +0.1525189   +0.9583047  -6.2831853       9.94   3.18e-10
0.2590000  0.038259734  +0.1691982   +1.0631033  -6.2831853      10.67   2.38e-11
0.3180000  0.048934830  +0.1947219   +1.2234741  -6.2831853      11.90   2.51e-11
0.3770000  0.061554510  +0.2365338   +1.4861860  -6.2831853      13.92   1.89e-11
0.4360000  0.077376749  +0.3055276   +1.9196866  -6.2831853      17.34   1.75e-11
0.4950000  0.098456885  +0.4179021   +2.6257564  -6.2831853      23.37   2.60e-11
0.5540000  0.127940886  +0.5938742   +3.7314214  -6.2831853      34.00   4.44e-11
0.6130000  0.170148590  +0.8514928   +5.3500868  -6.2831853      51.84   8.42e-11
0.6720000  0.230125775  +1.1950771   +7.5088910  -6.2831853      78.95   1.73e-10
0.7310000  0.312431522  +1.6015827  +10.0630408  -6.2831853     114.93   3.21e-10
0.7900000  0.419129499  +2.0069099  +12.6097867  -6.2831853     155.42   4.02e-10
0.8490000  0.546641049  +2.2716883  +14.2734386  -6.2831853     191.88   6.50e-10
0.8990000  0.650188665  -0.0900526   -0.5658141  -6.2831853     290.42   4.99e-06

(c) c_hat1 = zero of the exact sigma'(c)  (L = 200, N = 4096)
 stage            c         sigma      sigma'  Newton res
------  -----------  ------------  ----------  ----------
 probe  0.898800000  0.6501819571  +1.478e-01    6.84e-13
 probe  0.898920000  0.6501917238  +1.190e-02    5.35e-13
 probe  0.899000000  0.6501886647  -9.005e-02    7.04e-13
secant  0.898929334  0.6501917818  +5.083e-04    6.32e-13
secant  0.898929731  0.6501917819  +2.162e-05    6.52e-13
secant  0.898929749  0.6501917819  -5.482e-09    4.88e-13
secant  0.898929749  0.6501917819  +1.350e-11    5.30e-13
    c_hat1 = 0.8989297   sigma_hat1 = 0.6501918   sigma'(c_hat1) = +1.35e-11  (4 secant iterations)

wrote data/01_kinetic.json  (1125.7 s, quick=False)
