(a) scalars at c = 0.89  (L = 200, N = 4096, <phat,1> = -2 pi)
               quantity                value
-----------------------  -------------------
                  sigma   6.373006910107e-01
         sigma' (exact)   1.925132060966e+00
kappa = <phat, M1 phi'>   1.209596147984e+01
    -mu sigma' <phat,1>   1.209596147984e+01
               <phat,1>  -6.283185307180e+00
      |<phat, cos phi>|   1.153374271090e-13
                      m   2.075127725830e+02
        identity relerr   4.185377905451e-14
   power balance relerr   1.121893696247e-13
    d_c phi at the edge   2.498179223032e+00
 sigma'/sqrt(1-sigma^2)   2.498175472851e+00
       |M0 phi'|/|phi'|   2.465436422198e-09
     |M0^T phat|/|phat|   7.098103470291e-14
    L200_N1024: relerr=3.050e-04  res=9.76e-02  (0.9 s)
    L200_N2048: relerr=1.257e-08  res=2.93e-04  (4.9 s)
    L200_N4096: relerr=4.185e-14  res=2.47e-09  (36.9 s)
    L300_N3072: relerr=1.257e-08  res=2.93e-04  (13.5 s)
    L300_N6144: relerr=9.325e-14  res=2.46e-09  (117.4 s)
    L150_N2048: relerr=2.702e-12  res=6.83e-06  (5.4 s)

(b) convergence of the identity kappa = -mu sigma' <phat,1>
      case    L     N       h     relerr  res_M0p0    sec
----------  ---  ----  ------  ---------  --------  -----
L200_N1024  200  1024  0.3906  3.050e-04  9.76e-02    0.9
L200_N2048  200  2048  0.1953  1.257e-08  2.93e-04    4.9
L200_N4096  200  4096  0.0977  4.185e-14  2.47e-09   36.9
L300_N3072  300  3072  0.1953  1.257e-08  2.93e-04   13.5
L300_N6144  300  6144  0.0977  9.325e-14  2.46e-09  117.4
L150_N2048  150  2048  0.1465  2.702e-12  6.83e-06    5.4
    sweep c=0.50000: relerr=1.693e-14 abs=4.574e-14
    sweep c=0.70000: relerr=4.702e-15 abs=4.086e-14
    sweep c=0.85000: relerr=8.582e-15 abs=1.226e-13
    sweep c=0.89000: relerr=1.157e-13 abs=1.400e-12
    sweep c=0.89500: relerr=4.197e-13 abs=4.043e-12
    sweep c=0.89800: relerr=8.486e-13 abs=3.955e-12
    sweep c=0.89880: relerr=1.305e-12 abs=1.212e-12
    sweep c=0.89892: relerr=1.755e-10 abs=1.311e-11
    sweep c=0.89900: relerr=2.095e-11 abs=1.185e-11
    sweep c=0.89920: relerr=2.807e-13 abs=7.012e-13
    sweep c=0.89950: relerr=2.383e-12 abs=1.634e-11
    sweep c=0.89980: relerr=3.958e-13 abs=6.164e-12
    sweep c=0.89990: relerr=1.577e-12 abs=3.336e-11
    sweep c=0.90000: relerr=4.721e-13 abs=1.445e-11
    sweep c=0.90015: relerr=7.286e-12 abs=6.173e-10

(c) identity error along the branch  (L = 200, N = 4096)
      c        sigma       sigma'        kappa     relerr  |kappa + f' <phat,1>|
-------  -----------  -----------  -----------  ---------  ---------------------
0.50000  0.100576584   +0.4300549   +2.7021144  1.693e-14              4.574e-14
0.70000  0.266188946   +1.3829424   +8.6892831  4.702e-15              4.086e-14
0.85000  0.548913495   +2.2731764  +14.2827883  8.582e-15              1.226e-13
0.89000  0.637300691   +1.9251321  +12.0959615  1.157e-13              1.400e-12
0.89500  0.646123511   +1.5331386   +9.6329939  4.197e-13              4.043e-12
0.89800  0.649798681   +0.7418062   +4.6609061  8.486e-13              3.955e-12
0.89880  0.650181957   +0.1477746   +0.9284954  1.305e-12              1.212e-12
0.89892  0.650191724   +0.0118952   +0.0747397  1.755e-10              1.311e-11
0.89900  0.650188665   -0.0900527   -0.5658180  2.095e-11              1.185e-11
0.89920  0.650141326   -0.3976031   -2.4982139  2.807e-13              7.012e-13
0.89950  0.649927346   -1.0916745   -6.8591933  2.383e-12              1.634e-11
0.89980  0.649421156   -2.4785852  -15.5734100  3.958e-13              6.164e-12
0.89990  0.649132156   -3.3661889  -21.1503889  1.577e-12              3.336e-11
0.90000  0.648728115   -4.8695485  -30.5962758  4.721e-13              1.445e-11
0.90015  0.647576236  -13.4849955  -84.7287255  7.286e-12              6.173e-10

(d) exact sigma'(c) vs a centred difference  (L = 200, N = 4096, c = 0.89)
                                quantity               value
----------------------------------------  ------------------
                           sigma(0.8895)  6.363325771810e-01
                           sigma(0.8905)  6.382573955371e-01
  centred difference, points 0.001 apart  1.924818356120e+00
  centred difference, points 0.002 apart  1.923873130348e+00
                  exact (bordered solve)  1.925132060966e+00
relative discrepancy, points 0.001 apart  1.629523771174e-04
relative discrepancy, points 0.002 apart  6.539450689011e-04

wrote data/02_identity.json  (709.8 s, quick=False, sections=['c089', 'convergence', 'sweep', 'fd'])

