    c=0.89500 sigma'=+1.5331386 kappa=+9.6329939 m=   209.00 pred=-0.046091 nu2=None  [real: [-0.045745502, -0.054254498]; essential: [-0.045745502, -0.054254498]; delta_ess=4.12e-03; none: every candidate is a conformal-dual pair on the essential line]
    c=0.89800 sigma'=+0.7418062 kappa=+4.6609061 m=   236.53 pred=-0.019705 nu2=-0.021960854  [real: [-0.021960854]; essential: []; delta_ess=3.15e-03; nearest nu2_pred among the isolated candidates]
    c=0.89880 sigma'=+0.1477746 kappa=+0.9284954 m=   273.97 pred=-0.003389 nu2=-0.003440634  [real: [-0.003440634, -0.048107173, -0.051892827]; essential: [-0.048107173, -0.051892827]; delta_ess=1.89e-03; nearest nu2_pred among the isolated candidates]
    c=0.89892 sigma'=+0.0118952 kappa=+0.0747397 m=   283.38 pred=-0.000264 nu2=-0.000264048  [real: [-0.000264048, -0.048150099, -0.051849901]; essential: [-0.048150099, -0.051849901]; delta_ess=1.82e-03; nearest nu2_pred among the isolated candidates]
    c=0.89900 sigma'=-0.0900527 kappa=-0.5658180 m=   290.42 pred=+0.001948 nu2=0.001931469  [real: [0.001931469, -0.048265413, -0.051734587]; essential: [-0.048265413, -0.051734587]; delta_ess=1.69e-03; nearest nu2_pred among the isolated candidates]
    c=0.89920 sigma'=-0.3976031 kappa=-2.4982139 m=   310.47 pred=+0.008047 nu2=0.007739949  [real: [0.007739949, -0.048968543, -0.051031457]; essential: [-0.048968543, -0.051031457]; delta_ess=9.01e-04; nearest nu2_pred among the isolated candidates]
    c=0.89950 sigma'=-1.0916745 kappa=-6.8591933 m=   336.87 pred=+0.020362 nu2=0.017591345  [real: [0.017591345]; essential: []; delta_ess=1.84e-04; nearest nu2_pred among the isolated candidates]
    c=0.89980 sigma'=-2.4785852 kappa=-15.5734100 m=   244.99 pred=+0.063567 nu2=0.029743461  [real: [0.029743461]; essential: []; delta_ess=5.85e-04; nearest nu2_pred among the isolated candidates]
    c=0.90000 sigma'=-4.8695485 kappa=-30.5962758 m=  -101.37 pred=-0.301821 nu2=0.040624036  [real: [0.040624036]; essential: []; delta_ess=1.03e-03; unique isolated eigenvalue (m < 0: nu2_pred invalid)]

(a) threshold table  (L = 200, N = 4096, <phat,1> = -2 pi)
      c        sigma      sigma'        kappa          m   nu2_pred        nu2     rho2
-------  -----------  ----------  -----------  ---------  ---------  ---------  -------
0.89500  0.646123511  +1.5331386   +9.6329939     209.00  -0.046091         --       --
0.89800  0.649798681  +0.7418062   +4.6609061     236.53  -0.019705  -0.021961  0.97584
0.89880  0.650181957  +0.1477746   +0.9284954     273.97  -0.003389  -0.003441  0.99618
0.89892  0.650191724  +0.0118952   +0.0747397     283.38  -0.000264  -0.000264  0.99971
0.89900  0.650188665  -0.0900527   -0.5658180     290.42  +0.001948  +0.001931  1.00215
0.89920  0.650141326  -0.3976031   -2.4982139     310.47  +0.008047  +0.007740  1.00864
0.89950  0.649927346  -1.0916745   -6.8591933     336.87  +0.020362  +0.017591  1.01975
0.89980  0.649421156  -2.4785852  -15.5734100     244.99  +0.063567  +0.029743  1.03361
0.90000  0.648728115  -4.8695485  -30.5962758    -101.37  -0.301821  +0.040624  1.04617

(b) interpolated zeros between the bracketing rows
      quantity            c
--------------  -----------
zero of sigma'  0.898929334
   zero of nu2  0.898929621
  |separation|  0.000000287

(c) relative error of the leading-order reduction
      c   nu2_pred        nu2  |pred-nu2|/|nu2|
-------  ---------  ---------  ----------------
0.89800  -0.019705  -0.021961            0.1027
0.89880  -0.003389  -0.003441            0.0150

(e) m across the edge of validity of the reduction
      c      sigma'        kappa           m
-------  ----------  -----------  ----------
0.89990  -3.3661889  -21.1503889      115.46
0.90000  -4.8695485  -30.5962758     -101.37
    m changes sign: True  -- the REDUCTION breaks down here, the spectrum does not: nu2 stays positive (see the table in (a)).

(d) m along the branch  (L = 200, N = 2048, <phat,1> = -2 pi)
     c           m
------  ----------
0.2000       9.936
0.2500      10.527
0.3000      11.458
0.3500      12.865
0.4000      15.034
0.4500      18.476
0.5000      24.056
0.5500      33.079
0.6000      47.161
0.6500      67.706
0.7000      95.078
0.7500     127.808
0.8000     162.173
0.8500     192.405
0.8550     194.952
0.8600     197.390
0.8650     199.712
0.8700     201.905
0.8750     203.944
0.8800     205.751
0.8850     207.110
0.8900     207.513
0.8950     208.999
    min m = 9.936 over 23 velocities; all positive: True

wrote data/03_threshold.json  (282.0 s, quick=False)

