       0 c=0.899833 sigma=0.649336 cdot=+1.07e-03 kappa=-2.06846 <p,1>=-0.758251 nu=[0.03130205]
      12 c=0.900113 sigma=0.647983 cdot=+4.96e-04 kappa=-2.74167 <p,1>=-0.297111 nu=[0.0495347]
      17 c=0.900171 sigma=0.647248 cdot=+2.70e-04 kappa=-2.67048 <p,1>=-0.138574 nu=[0.0568276]
      18 c=0.900178 sigma=0.647089 cdot=+2.27e-04 kappa=-2.64977 <p,1>=-0.112545 nu=[0.05826236]
      19 c=0.900184 sigma=0.646928 cdot=+1.83e-04 kappa=-2.62825 <p,1>=-0.088224 nu=[0.05968899]
      20 c=0.900189 sigma=0.646762 cdot=+1.40e-04 kappa=-2.60629 <p,1>=-0.065507 nu=[0.06110745]
      21 c=0.900193 sigma=0.646593 cdot=+9.74e-05 kappa=-2.58417 <p,1>=-0.044287 nu=[0.06251766]
      22 c=0.900195 sigma=0.646421 cdot=+5.54e-05 kappa=-2.56210 <p,1>=-0.024460 nu=[0.0639196]
      23 c=0.900196 sigma=0.646246 cdot=+1.38e-05 kappa=-2.54027 <p,1>=-0.005925 nu=[0.06531323]
      24 c=0.900196 sigma=0.646067 cdot=-2.73e-05 kappa=-2.51881 <p,1>=+0.011415 nu=[0.06669851]
      25 c=0.900194 sigma=0.645884 cdot=-6.79e-05 kappa=-2.49779 <p,1>=+0.027650 nu=[0.06807544]
      26 c=0.900192 sigma=0.645699 cdot=-1.08e-04 kappa=-2.47731 <p,1>=+0.042866 nu=[0.06944399]
      27 c=0.900188 sigma=0.645510 cdot=-1.47e-04 kappa=-2.45739 <p,1>=+0.057141 nu=[0.07080417]
      28 c=0.900183 sigma=0.645318 cdot=-1.86e-04 kappa=-2.43808 <p,1>=+0.070547 nu=[0.07215596]
      29 c=0.900177 sigma=0.645123 cdot=-2.25e-04 kappa=-2.41939 <p,1>=+0.083152 nu=[0.07349938]
      30 c=0.900169 sigma=0.644925 cdot=-2.63e-04 kappa=-2.40132 <p,1>=+0.095016 nu=[0.07483444]
      36 c=0.900102 sigma=0.643678 cdot=-4.80e-04 kappa=+2.30570 <p,1>=-0.153500 nu=[0.08267041]
      48 c=0.899859 sigma=0.640905 cdot=-8.59e-04 kappa=+2.16864 <p,1>=-0.228200 nu=[0.09747314]
      60 c=0.899492 sigma=0.637823 cdot=-1.17e-03 kappa=+2.07963 <p,1>=-0.273164 nu=[0.11119974]

(a) pseudo-arclength through the fold  (L = 200, N = 2048, ds = 0.03, ||phat||_2 = 1; sampled steps only, 62 taken)
step         c     sigma        cdot     kappa   <phat,1>         nu  n_unst
----  --------  --------  ----------  --------  ---------  ---------  ------
   0  0.899833  0.649336  +1.066e-03  -2.06846  -0.758251  +0.031302       1
  12  0.900113  0.647983  +4.963e-04  -2.74167  -0.297111  +0.049535       1
  17  0.900171  0.647248  +2.704e-04  -2.67048  -0.138574  +0.056828       1
  18  0.900178  0.647089  +2.265e-04  -2.64977  -0.112545  +0.058262       1
  19  0.900184  0.646928  +1.830e-04  -2.62825  -0.088224  +0.059689       1
  20  0.900189  0.646762  +1.400e-04  -2.60629  -0.065507  +0.061107       1
  21  0.900193  0.646593  +9.743e-05  -2.58417  -0.044287  +0.062518       1
  22  0.900195  0.646421  +5.536e-05  -2.56210  -0.024460  +0.063920       1
  23  0.900196  0.646246  +1.379e-05  -2.54027  -0.005925  +0.065313       1
  24  0.900196  0.646067  -2.729e-05  -2.51881  +0.011415  +0.066699       1
  25  0.900194  0.645884  -6.786e-05  -2.49779  +0.027650  +0.068075       1
  26  0.900192  0.645699  -1.079e-04  -2.47731  +0.042866  +0.069444       1
  27  0.900188  0.645510  -1.475e-04  -2.45739  +0.057141  +0.070804       1
  28  0.900183  0.645318  -1.865e-04  -2.43808  +0.070547  +0.072156       1
  29  0.900177  0.645123  -2.250e-04  -2.41939  +0.083152  +0.073499       1
  30  0.900169  0.644925  -2.630e-04  -2.40132  +0.095016  +0.074834       1
  36  0.900102  0.643678  -4.798e-04  +2.30570  -0.153500  +0.082670       1
  48  0.899859  0.640905  -8.589e-04  +2.16864  -0.228200  +0.097473       1
  60  0.899492  0.637823  -1.173e-03  +2.07963  -0.273164  +0.111200       1

(b) the fold
                               quantity           value
---------------------------------------  --------------
               step bracketing cdot = 0              23
                   zero fraction (cdot)     0.335630318
               zero fraction (<phat,1>)     0.341708106
                              same step             yes
                                  c_max     0.900195859
                           sigma(c_max)     0.646185456
                      kappa at the fold     -2.53306845
                         nu at the fold     0.065778172
exactly one unstable, all sampled steps             yes
            max invariant over this run  1.73407467e-07
    [reference] 150 steps, window [105,150) holds 45: max invariant 7.714e-09 at step 149 (c=0.900173); |F|_inf <= 1.0e-10
    [converged_start] 150 steps, window [105,150) holds 45: max invariant 1.107e-07 at step 121 (c=0.900123); |F|_inf <= 9.8e-11

(c) arclength invariant |cdot kappa + mu sigmadot <phat,1>|  (L = 200, N = 2048, ds = 0.02)
             variant  steps        window c range  max in window  at step  |F|_inf max  res_phat max
--------------------  -----  --------------------  -------------  -------  -----------  ------------
reference  (primary)    150  [0.899838, 0.900196]     7.7142e-09      149      1.0e-10       3.2e-07
     converged_start    150  [0.899715, 0.900196]     1.1069e-07      121      9.8e-11       5.1e-06

wrote data/04_fold.json  (463.0 s, quick=False)
